Archive member included to satisfy reference by file (symbol)

c:/program files (x86)/atmel/studio/7.0/toolchain/avr8/avr8-gnu-toolchain/bin/../lib/gcc/avr/5.4.0/../../../../avr/lib/avr5\libm.a(fixunssfsi.o)
                              HAL/LM35/LM35_program.o (__fixunssfsi)
c:/program files (x86)/atmel/studio/7.0/toolchain/avr8/avr8-gnu-toolchain/bin/../lib/gcc/avr/5.4.0/../../../../avr/lib/avr5\libm.a(floatsisf.o)
                              HAL/LM35/LM35_program.o (__floatunsisf)
c:/program files (x86)/atmel/studio/7.0/toolchain/avr8/avr8-gnu-toolchain/bin/../lib/gcc/avr/5.4.0/../../../../avr/lib/avr5\libm.a(fp_split3.o)
                              c:/program files (x86)/atmel/studio/7.0/toolchain/avr8/avr8-gnu-toolchain/bin/../lib/gcc/avr/5.4.0/../../../../avr/lib/avr5\libm.a(fixunssfsi.o) (__fp_splitA)
c:/program files (x86)/atmel/studio/7.0/toolchain/avr8/avr8-gnu-toolchain/bin/../lib/gcc/avr/5.4.0/../../../../avr/lib/avr5\libm.a(fp_zero.o)
                              c:/program files (x86)/atmel/studio/7.0/toolchain/avr8/avr8-gnu-toolchain/bin/../lib/gcc/avr/5.4.0/../../../../avr/lib/avr5\libm.a(fixunssfsi.o) (__fp_zero)
c:/program files (x86)/atmel/studio/7.0/toolchain/avr8/avr8-gnu-toolchain/bin/../lib/gcc/avr/5.4.0/../../../../avr/lib/avr5\libm.a(mulsf3.o)
                              HAL/LM35/LM35_program.o (__mulsf3)
c:/program files (x86)/atmel/studio/7.0/toolchain/avr8/avr8-gnu-toolchain/bin/../lib/gcc/avr/5.4.0/../../../../avr/lib/avr5\libm.a(mulsf3x.o)
                              c:/program files (x86)/atmel/studio/7.0/toolchain/avr8/avr8-gnu-toolchain/bin/../lib/gcc/avr/5.4.0/../../../../avr/lib/avr5\libm.a(mulsf3.o) (__mulsf3x)
c:/program files (x86)/atmel/studio/7.0/toolchain/avr8/avr8-gnu-toolchain/bin/../lib/gcc/avr/5.4.0/../../../../avr/lib/avr5\libm.a(fp_inf.o)
                              c:/program files (x86)/atmel/studio/7.0/toolchain/avr8/avr8-gnu-toolchain/bin/../lib/gcc/avr/5.4.0/../../../../avr/lib/avr5\libm.a(mulsf3x.o) (__fp_inf)
c:/program files (x86)/atmel/studio/7.0/toolchain/avr8/avr8-gnu-toolchain/bin/../lib/gcc/avr/5.4.0/../../../../avr/lib/avr5\libm.a(fp_nan.o)
                              c:/program files (x86)/atmel/studio/7.0/toolchain/avr8/avr8-gnu-toolchain/bin/../lib/gcc/avr/5.4.0/../../../../avr/lib/avr5\libm.a(mulsf3x.o) (__fp_nan)
c:/program files (x86)/atmel/studio/7.0/toolchain/avr8/avr8-gnu-toolchain/bin/../lib/gcc/avr/5.4.0/../../../../avr/lib/avr5\libm.a(fp_pscA.o)
                              c:/program files (x86)/atmel/studio/7.0/toolchain/avr8/avr8-gnu-toolchain/bin/../lib/gcc/avr/5.4.0/../../../../avr/lib/avr5\libm.a(mulsf3x.o) (__fp_pscA)
c:/program files (x86)/atmel/studio/7.0/toolchain/avr8/avr8-gnu-toolchain/bin/../lib/gcc/avr/5.4.0/../../../../avr/lib/avr5\libm.a(fp_pscB.o)
                              c:/program files (x86)/atmel/studio/7.0/toolchain/avr8/avr8-gnu-toolchain/bin/../lib/gcc/avr/5.4.0/../../../../avr/lib/avr5\libm.a(mulsf3x.o) (__fp_pscB)
c:/program files (x86)/atmel/studio/7.0/toolchain/avr8/avr8-gnu-toolchain/bin/../lib/gcc/avr/5.4.0/../../../../avr/lib/avr5\libm.a(fp_round.o)
                              c:/program files (x86)/atmel/studio/7.0/toolchain/avr8/avr8-gnu-toolchain/bin/../lib/gcc/avr/5.4.0/../../../../avr/lib/avr5\libm.a(mulsf3.o) (__fp_round)
c:/program files (x86)/atmel/studio/7.0/toolchain/avr8/avr8-gnu-toolchain/bin/../lib/gcc/avr/5.4.0/avr5\libgcc.a(_udivmodsi4.o)
                              APP/SYS_Manager/Electric_Heating_System_program.o (__udivmodsi4)
c:/program files (x86)/atmel/studio/7.0/toolchain/avr8/avr8-gnu-toolchain/bin/../lib/gcc/avr/5.4.0/avr5\libgcc.a(_exit.o)
                              C:/Program Files (x86)/Atmel/Studio/7.0/Packs/atmel/ATmega_DFP/1.7.374/gcc/dev/atmega32/avr5/crtatmega32.o (exit)
c:/program files (x86)/atmel/studio/7.0/toolchain/avr8/avr8-gnu-toolchain/bin/../lib/gcc/avr/5.4.0/avr5\libgcc.a(_clear_bss.o)
                              APP/main.o (__do_clear_bss)

Allocating common symbols
Common symbol       size              file

SetTemp_flag        0x1               APP/main.o
Clk1                0x1               APP/main.o
Temp_History        0xa               APP/main.o
Global_CBINT2       0x2               MCAL/EXTI/EXTI_program.o
Count               0x1               APP/main.o
Current_temp        0x1               APP/main.o
Max_temp            0x1               APP/main.o
Global_CBINT0       0x2               MCAL/EXTI/EXTI_program.o
Global_CBINT1       0x2               MCAL/EXTI/EXTI_program.o
SYS_state           0x1               APP/main.o
Min_temp            0x1               APP/main.o

Discarded input sections

 .data          0x00000000        0x0 C:/Program Files (x86)/Atmel/Studio/7.0/Packs/atmel/ATmega_DFP/1.7.374/gcc/dev/atmega32/avr5/crtatmega32.o
 .bss           0x00000000        0x0 C:/Program Files (x86)/Atmel/Studio/7.0/Packs/atmel/ATmega_DFP/1.7.374/gcc/dev/atmega32/avr5/crtatmega32.o
 .text          0x00000000        0x0 APP/main.o
 .data          0x00000000        0x0 APP/main.o
 .bss           0x00000000        0x0 APP/main.o
 .text          0x00000000        0x0 APP/SYS_Manager/Electric_Heating_System_program.o
 .data          0x00000000        0x0 APP/SYS_Manager/Electric_Heating_System_program.o
 .bss           0x00000000        0x0 APP/SYS_Manager/Electric_Heating_System_program.o
 .text          0x00000000        0x0 HAL/DC_Motor/DCMotor_program.o
 .data          0x00000000        0x0 HAL/DC_Motor/DCMotor_program.o
 .bss           0x00000000        0x0 HAL/DC_Motor/DCMotor_program.o
 .text          0x00000000        0x0 HAL/LED/LED_program.o
 .data          0x00000000        0x0 HAL/LED/LED_program.o
 .bss           0x00000000        0x0 HAL/LED/LED_program.o
 .text          0x00000000        0x0 HAL/LM35/LM35_program.o
 .data          0x00000000        0x0 HAL/LM35/LM35_program.o
 .bss           0x00000000        0x0 HAL/LM35/LM35_program.o
 .text          0x00000000        0x0 HAL/SevenSeg/SevenSeg_program.o
 .data          0x00000000        0x0 HAL/SevenSeg/SevenSeg_program.o
 .bss           0x00000000        0x0 HAL/SevenSeg/SevenSeg_program.o
 .text          0x00000000        0x0 MCAL/ADC/ADC_program.o
 .data          0x00000000        0x0 MCAL/ADC/ADC_program.o
 .bss           0x00000000        0x0 MCAL/ADC/ADC_program.o
 .text          0x00000000        0x0 MCAL/DIO/DIO_program.o
 .data          0x00000000        0x0 MCAL/DIO/DIO_program.o
 .bss           0x00000000        0x0 MCAL/DIO/DIO_program.o
 .text.DIO_vidWritePort
                0x00000000       0x20 MCAL/DIO/DIO_program.o
 .text.DIO_vidSetLowNibbleMode
                0x00000000       0x5a MCAL/DIO/DIO_program.o
 .text.DIO_vidSetHighNibbleMode
                0x00000000       0x5a MCAL/DIO/DIO_program.o
 .text          0x00000000        0x0 MCAL/EEPROM/EEPROM_program.o
 .data          0x00000000        0x0 MCAL/EEPROM/EEPROM_program.o
 .bss           0x00000000        0x0 MCAL/EEPROM/EEPROM_program.o
 .text          0x00000000        0x0 MCAL/EXTI/EXTI_program.o
 .data          0x00000000        0x0 MCAL/EXTI/EXTI_program.o
 .bss           0x00000000        0x0 MCAL/EXTI/EXTI_program.o
 .text          0x00000000        0x0 c:/program files (x86)/atmel/studio/7.0/toolchain/avr8/avr8-gnu-toolchain/bin/../lib/gcc/avr/5.4.0/../../../../avr/lib/avr5\libm.a(fixunssfsi.o)
 .data          0x00000000        0x0 c:/program files (x86)/atmel/studio/7.0/toolchain/avr8/avr8-gnu-toolchain/bin/../lib/gcc/avr/5.4.0/../../../../avr/lib/avr5\libm.a(fixunssfsi.o)
 .bss           0x00000000        0x0 c:/program files (x86)/atmel/studio/7.0/toolchain/avr8/avr8-gnu-toolchain/bin/../lib/gcc/avr/5.4.0/../../../../avr/lib/avr5\libm.a(fixunssfsi.o)
 .text          0x00000000        0x0 c:/program files (x86)/atmel/studio/7.0/toolchain/avr8/avr8-gnu-toolchain/bin/../lib/gcc/avr/5.4.0/../../../../avr/lib/avr5\libm.a(floatsisf.o)
 .data          0x00000000        0x0 c:/program files (x86)/atmel/studio/7.0/toolchain/avr8/avr8-gnu-toolchain/bin/../lib/gcc/avr/5.4.0/../../../../avr/lib/avr5\libm.a(floatsisf.o)
 .bss           0x00000000        0x0 c:/program files (x86)/atmel/studio/7.0/toolchain/avr8/avr8-gnu-toolchain/bin/../lib/gcc/avr/5.4.0/../../../../avr/lib/avr5\libm.a(floatsisf.o)
 .text          0x00000000        0x0 c:/program files (x86)/atmel/studio/7.0/toolchain/avr8/avr8-gnu-toolchain/bin/../lib/gcc/avr/5.4.0/../../../../avr/lib/avr5\libm.a(fp_split3.o)
 .data          0x00000000        0x0 c:/program files (x86)/atmel/studio/7.0/toolchain/avr8/avr8-gnu-toolchain/bin/../lib/gcc/avr/5.4.0/../../../../avr/lib/avr5\libm.a(fp_split3.o)
 .bss           0x00000000        0x0 c:/program files (x86)/atmel/studio/7.0/toolchain/avr8/avr8-gnu-toolchain/bin/../lib/gcc/avr/5.4.0/../../../../avr/lib/avr5\libm.a(fp_split3.o)
 .text          0x00000000        0x0 c:/program files (x86)/atmel/studio/7.0/toolchain/avr8/avr8-gnu-toolchain/bin/../lib/gcc/avr/5.4.0/../../../../avr/lib/avr5\libm.a(fp_zero.o)
 .data          0x00000000        0x0 c:/program files (x86)/atmel/studio/7.0/toolchain/avr8/avr8-gnu-toolchain/bin/../lib/gcc/avr/5.4.0/../../../../avr/lib/avr5\libm.a(fp_zero.o)
 .bss           0x00000000        0x0 c:/program files (x86)/atmel/studio/7.0/toolchain/avr8/avr8-gnu-toolchain/bin/../lib/gcc/avr/5.4.0/../../../../avr/lib/avr5\libm.a(fp_zero.o)
 .text          0x00000000        0x0 c:/program files (x86)/atmel/studio/7.0/toolchain/avr8/avr8-gnu-toolchain/bin/../lib/gcc/avr/5.4.0/../../../../avr/lib/avr5\libm.a(mulsf3.o)
 .data          0x00000000        0x0 c:/program files (x86)/atmel/studio/7.0/toolchain/avr8/avr8-gnu-toolchain/bin/../lib/gcc/avr/5.4.0/../../../../avr/lib/avr5\libm.a(mulsf3.o)
 .bss           0x00000000        0x0 c:/program files (x86)/atmel/studio/7.0/toolchain/avr8/avr8-gnu-toolchain/bin/../lib/gcc/avr/5.4.0/../../../../avr/lib/avr5\libm.a(mulsf3.o)
 .text          0x00000000        0x0 c:/program files (x86)/atmel/studio/7.0/toolchain/avr8/avr8-gnu-toolchain/bin/../lib/gcc/avr/5.4.0/../../../../avr/lib/avr5\libm.a(mulsf3x.o)
 .data          0x00000000        0x0 c:/program files (x86)/atmel/studio/7.0/toolchain/avr8/avr8-gnu-toolchain/bin/../lib/gcc/avr/5.4.0/../../../../avr/lib/avr5\libm.a(mulsf3x.o)
 .bss           0x00000000        0x0 c:/program files (x86)/atmel/studio/7.0/toolchain/avr8/avr8-gnu-toolchain/bin/../lib/gcc/avr/5.4.0/../../../../avr/lib/avr5\libm.a(mulsf3x.o)
 .text          0x00000000        0x0 c:/program files (x86)/atmel/studio/7.0/toolchain/avr8/avr8-gnu-toolchain/bin/../lib/gcc/avr/5.4.0/../../../../avr/lib/avr5\libm.a(fp_inf.o)
 .data          0x00000000        0x0 c:/program files (x86)/atmel/studio/7.0/toolchain/avr8/avr8-gnu-toolchain/bin/../lib/gcc/avr/5.4.0/../../../../avr/lib/avr5\libm.a(fp_inf.o)
 .bss           0x00000000        0x0 c:/program files (x86)/atmel/studio/7.0/toolchain/avr8/avr8-gnu-toolchain/bin/../lib/gcc/avr/5.4.0/../../../../avr/lib/avr5\libm.a(fp_inf.o)
 .text          0x00000000        0x0 c:/program files (x86)/atmel/studio/7.0/toolchain/avr8/avr8-gnu-toolchain/bin/../lib/gcc/avr/5.4.0/../../../../avr/lib/avr5\libm.a(fp_nan.o)
 .data          0x00000000        0x0 c:/program files (x86)/atmel/studio/7.0/toolchain/avr8/avr8-gnu-toolchain/bin/../lib/gcc/avr/5.4.0/../../../../avr/lib/avr5\libm.a(fp_nan.o)
 .bss           0x00000000        0x0 c:/program files (x86)/atmel/studio/7.0/toolchain/avr8/avr8-gnu-toolchain/bin/../lib/gcc/avr/5.4.0/../../../../avr/lib/avr5\libm.a(fp_nan.o)
 .text          0x00000000        0x0 c:/program files (x86)/atmel/studio/7.0/toolchain/avr8/avr8-gnu-toolchain/bin/../lib/gcc/avr/5.4.0/../../../../avr/lib/avr5\libm.a(fp_pscA.o)
 .data          0x00000000        0x0 c:/program files (x86)/atmel/studio/7.0/toolchain/avr8/avr8-gnu-toolchain/bin/../lib/gcc/avr/5.4.0/../../../../avr/lib/avr5\libm.a(fp_pscA.o)
 .bss           0x00000000        0x0 c:/program files (x86)/atmel/studio/7.0/toolchain/avr8/avr8-gnu-toolchain/bin/../lib/gcc/avr/5.4.0/../../../../avr/lib/avr5\libm.a(fp_pscA.o)
 .text          0x00000000        0x0 c:/program files (x86)/atmel/studio/7.0/toolchain/avr8/avr8-gnu-toolchain/bin/../lib/gcc/avr/5.4.0/../../../../avr/lib/avr5\libm.a(fp_pscB.o)
 .data          0x00000000        0x0 c:/program files (x86)/atmel/studio/7.0/toolchain/avr8/avr8-gnu-toolchain/bin/../lib/gcc/avr/5.4.0/../../../../avr/lib/avr5\libm.a(fp_pscB.o)
 .bss           0x00000000        0x0 c:/program files (x86)/atmel/studio/7.0/toolchain/avr8/avr8-gnu-toolchain/bin/../lib/gcc/avr/5.4.0/../../../../avr/lib/avr5\libm.a(fp_pscB.o)
 .text          0x00000000        0x0 c:/program files (x86)/atmel/studio/7.0/toolchain/avr8/avr8-gnu-toolchain/bin/../lib/gcc/avr/5.4.0/../../../../avr/lib/avr5\libm.a(fp_round.o)
 .data          0x00000000        0x0 c:/program files (x86)/atmel/studio/7.0/toolchain/avr8/avr8-gnu-toolchain/bin/../lib/gcc/avr/5.4.0/../../../../avr/lib/avr5\libm.a(fp_round.o)
 .bss           0x00000000        0x0 c:/program files (x86)/atmel/studio/7.0/toolchain/avr8/avr8-gnu-toolchain/bin/../lib/gcc/avr/5.4.0/../../../../avr/lib/avr5\libm.a(fp_round.o)
 .text          0x00000000        0x0 c:/program files (x86)/atmel/studio/7.0/toolchain/avr8/avr8-gnu-toolchain/bin/../lib/gcc/avr/5.4.0/avr5\libgcc.a(_udivmodsi4.o)
 .data          0x00000000        0x0 c:/program files (x86)/atmel/studio/7.0/toolchain/avr8/avr8-gnu-toolchain/bin/../lib/gcc/avr/5.4.0/avr5\libgcc.a(_udivmodsi4.o)
 .bss           0x00000000        0x0 c:/program files (x86)/atmel/studio/7.0/toolchain/avr8/avr8-gnu-toolchain/bin/../lib/gcc/avr/5.4.0/avr5\libgcc.a(_udivmodsi4.o)
 .text.libgcc.mul
                0x00000000        0x0 c:/program files (x86)/atmel/studio/7.0/toolchain/avr8/avr8-gnu-toolchain/bin/../lib/gcc/avr/5.4.0/avr5\libgcc.a(_udivmodsi4.o)
 .text.libgcc   0x00000000        0x0 c:/program files (x86)/atmel/studio/7.0/toolchain/avr8/avr8-gnu-toolchain/bin/../lib/gcc/avr/5.4.0/avr5\libgcc.a(_udivmodsi4.o)
 .text.libgcc.prologue
                0x00000000        0x0 c:/program files (x86)/atmel/studio/7.0/toolchain/avr8/avr8-gnu-toolchain/bin/../lib/gcc/avr/5.4.0/avr5\libgcc.a(_udivmodsi4.o)
 .text.libgcc.builtins
                0x00000000        0x0 c:/program files (x86)/atmel/studio/7.0/toolchain/avr8/avr8-gnu-toolchain/bin/../lib/gcc/avr/5.4.0/avr5\libgcc.a(_udivmodsi4.o)
 .text.libgcc.fmul
                0x00000000        0x0 c:/program files (x86)/atmel/studio/7.0/toolchain/avr8/avr8-gnu-toolchain/bin/../lib/gcc/avr/5.4.0/avr5\libgcc.a(_udivmodsi4.o)
 .text.libgcc.fixed
                0x00000000        0x0 c:/program files (x86)/atmel/studio/7.0/toolchain/avr8/avr8-gnu-toolchain/bin/../lib/gcc/avr/5.4.0/avr5\libgcc.a(_udivmodsi4.o)
 .text          0x00000000        0x0 c:/program files (x86)/atmel/studio/7.0/toolchain/avr8/avr8-gnu-toolchain/bin/../lib/gcc/avr/5.4.0/avr5\libgcc.a(_exit.o)
 .data          0x00000000        0x0 c:/program files (x86)/atmel/studio/7.0/toolchain/avr8/avr8-gnu-toolchain/bin/../lib/gcc/avr/5.4.0/avr5\libgcc.a(_exit.o)
 .bss           0x00000000        0x0 c:/program files (x86)/atmel/studio/7.0/toolchain/avr8/avr8-gnu-toolchain/bin/../lib/gcc/avr/5.4.0/avr5\libgcc.a(_exit.o)
 .text.libgcc.mul
                0x00000000        0x0 c:/program files (x86)/atmel/studio/7.0/toolchain/avr8/avr8-gnu-toolchain/bin/../lib/gcc/avr/5.4.0/avr5\libgcc.a(_exit.o)
 .text.libgcc.div
                0x00000000        0x0 c:/program files (x86)/atmel/studio/7.0/toolchain/avr8/avr8-gnu-toolchain/bin/../lib/gcc/avr/5.4.0/avr5\libgcc.a(_exit.o)
 .text.libgcc   0x00000000        0x0 c:/program files (x86)/atmel/studio/7.0/toolchain/avr8/avr8-gnu-toolchain/bin/../lib/gcc/avr/5.4.0/avr5\libgcc.a(_exit.o)
 .text.libgcc.prologue
                0x00000000        0x0 c:/program files (x86)/atmel/studio/7.0/toolchain/avr8/avr8-gnu-toolchain/bin/../lib/gcc/avr/5.4.0/avr5\libgcc.a(_exit.o)
 .text.libgcc.builtins
                0x00000000        0x0 c:/program files (x86)/atmel/studio/7.0/toolchain/avr8/avr8-gnu-toolchain/bin/../lib/gcc/avr/5.4.0/avr5\libgcc.a(_exit.o)
 .text.libgcc.fmul
                0x00000000        0x0 c:/program files (x86)/atmel/studio/7.0/toolchain/avr8/avr8-gnu-toolchain/bin/../lib/gcc/avr/5.4.0/avr5\libgcc.a(_exit.o)
 .text.libgcc.fixed
                0x00000000        0x0 c:/program files (x86)/atmel/studio/7.0/toolchain/avr8/avr8-gnu-toolchain/bin/../lib/gcc/avr/5.4.0/avr5\libgcc.a(_exit.o)
 .text          0x00000000        0x0 c:/program files (x86)/atmel/studio/7.0/toolchain/avr8/avr8-gnu-toolchain/bin/../lib/gcc/avr/5.4.0/avr5\libgcc.a(_clear_bss.o)
 .data          0x00000000        0x0 c:/program files (x86)/atmel/studio/7.0/toolchain/avr8/avr8-gnu-toolchain/bin/../lib/gcc/avr/5.4.0/avr5\libgcc.a(_clear_bss.o)
 .bss           0x00000000        0x0 c:/program files (x86)/atmel/studio/7.0/toolchain/avr8/avr8-gnu-toolchain/bin/../lib/gcc/avr/5.4.0/avr5\libgcc.a(_clear_bss.o)
 .text.libgcc.mul
                0x00000000        0x0 c:/program files (x86)/atmel/studio/7.0/toolchain/avr8/avr8-gnu-toolchain/bin/../lib/gcc/avr/5.4.0/avr5\libgcc.a(_clear_bss.o)
 .text.libgcc.div
                0x00000000        0x0 c:/program files (x86)/atmel/studio/7.0/toolchain/avr8/avr8-gnu-toolchain/bin/../lib/gcc/avr/5.4.0/avr5\libgcc.a(_clear_bss.o)
 .text.libgcc   0x00000000        0x0 c:/program files (x86)/atmel/studio/7.0/toolchain/avr8/avr8-gnu-toolchain/bin/../lib/gcc/avr/5.4.0/avr5\libgcc.a(_clear_bss.o)
 .text.libgcc.prologue
                0x00000000        0x0 c:/program files (x86)/atmel/studio/7.0/toolchain/avr8/avr8-gnu-toolchain/bin/../lib/gcc/avr/5.4.0/avr5\libgcc.a(_clear_bss.o)
 .text.libgcc.builtins
                0x00000000        0x0 c:/program files (x86)/atmel/studio/7.0/toolchain/avr8/avr8-gnu-toolchain/bin/../lib/gcc/avr/5.4.0/avr5\libgcc.a(_clear_bss.o)
 .text.libgcc.fmul
                0x00000000        0x0 c:/program files (x86)/atmel/studio/7.0/toolchain/avr8/avr8-gnu-toolchain/bin/../lib/gcc/avr/5.4.0/avr5\libgcc.a(_clear_bss.o)
 .text.libgcc.fixed
                0x00000000        0x0 c:/program files (x86)/atmel/studio/7.0/toolchain/avr8/avr8-gnu-toolchain/bin/../lib/gcc/avr/5.4.0/avr5\libgcc.a(_clear_bss.o)

Memory Configuration

Name             Origin             Length             Attributes
text             0x00000000         0x00008000         xr
data             0x00800060         0x00000800         rw !x
eeprom           0x00810000         0x00000400         rw !x
fuse             0x00820000         0x00000002         rw !x
lock             0x00830000         0x00000400         rw !x
signature        0x00840000         0x00000400         rw !x
user_signatures  0x00850000         0x00000400         rw !x
*default*        0x00000000         0xffffffff

Linker script and memory map

LOAD C:/Program Files (x86)/Atmel/Studio/7.0/Packs/atmel/ATmega_DFP/1.7.374/gcc/dev/atmega32/avr5/crtatmega32.o
LOAD APP/main.o
LOAD APP/SYS_Manager/Electric_Heating_System_program.o
LOAD HAL/DC_Motor/DCMotor_program.o
LOAD HAL/LED/LED_program.o
LOAD HAL/LM35/LM35_program.o
LOAD HAL/SevenSeg/SevenSeg_program.o
LOAD MCAL/ADC/ADC_program.o
LOAD MCAL/DIO/DIO_program.o
LOAD MCAL/EEPROM/EEPROM_program.o
LOAD MCAL/EXTI/EXTI_program.o
START GROUP
LOAD c:/program files (x86)/atmel/studio/7.0/toolchain/avr8/avr8-gnu-toolchain/bin/../lib/gcc/avr/5.4.0/../../../../avr/lib/avr5\libm.a
END GROUP
START GROUP
LOAD c:/program files (x86)/atmel/studio/7.0/toolchain/avr8/avr8-gnu-toolchain/bin/../lib/gcc/avr/5.4.0/avr5\libgcc.a
LOAD c:/program files (x86)/atmel/studio/7.0/toolchain/avr8/avr8-gnu-toolchain/bin/../lib/gcc/avr/5.4.0/../../../../avr/lib/avr5\libm.a
LOAD c:/program files (x86)/atmel/studio/7.0/toolchain/avr8/avr8-gnu-toolchain/bin/../lib/gcc/avr/5.4.0/../../../../avr/lib/avr5\libc.a
LOAD C:/Program Files (x86)/Atmel/Studio/7.0/Packs/atmel/ATmega_DFP/1.7.374/gcc/dev/atmega32/avr5\libatmega32.a
END GROUP
                0x00000000                __TEXT_REGION_ORIGIN__ = DEFINED (__TEXT_REGION_ORIGIN__)?__TEXT_REGION_ORIGIN__:0x0
                [0x00800060]                __DATA_REGION_ORIGIN__ = DEFINED (__DATA_REGION_ORIGIN__)?__DATA_REGION_ORIGIN__:0x800060
                [0x00008000]                __TEXT_REGION_LENGTH__ = DEFINED (__TEXT_REGION_LENGTH__)?__TEXT_REGION_LENGTH__:0x20000
                [0x00000800]                __DATA_REGION_LENGTH__ = DEFINED (__DATA_REGION_LENGTH__)?__DATA_REGION_LENGTH__:0xffa0
                [0x00000400]                __EEPROM_REGION_LENGTH__ = DEFINED (__EEPROM_REGION_LENGTH__)?__EEPROM_REGION_LENGTH__:0x10000
                [0x00000002]                __FUSE_REGION_LENGTH__ = DEFINED (__FUSE_REGION_LENGTH__)?__FUSE_REGION_LENGTH__:0x400
                0x00000400                __LOCK_REGION_LENGTH__ = DEFINED (__LOCK_REGION_LENGTH__)?__LOCK_REGION_LENGTH__:0x400
                0x00000400                __SIGNATURE_REGION_LENGTH__ = DEFINED (__SIGNATURE_REGION_LENGTH__)?__SIGNATURE_REGION_LENGTH__:0x400
                0x00000400                __USER_SIGNATURE_REGION_LENGTH__ = DEFINED (__USER_SIGNATURE_REGION_LENGTH__)?__USER_SIGNATURE_REGION_LENGTH__:0x400

.hash
 *(.hash)

.dynsym
 *(.dynsym)

.dynstr
 *(.dynstr)

.gnu.version
 *(.gnu.version)

.gnu.version_d
 *(.gnu.version_d)

.gnu.version_r
 *(.gnu.version_r)

.rel.init
 *(.rel.init)

.rela.init
 *(.rela.init)

.rel.text
 *(.rel.text)
 *(.rel.text.*)
 *(.rel.gnu.linkonce.t*)

.rela.text
 *(.rela.text)
 *(.rela.text.*)
 *(.rela.gnu.linkonce.t*)

.rel.fini
 *(.rel.fini)

.rela.fini
 *(.rela.fini)

.rel.rodata
 *(.rel.rodata)
 *(.rel.rodata.*)
 *(.rel.gnu.linkonce.r*)

.rela.rodata
 *(.rela.rodata)
 *(.rela.rodata.*)
 *(.rela.gnu.linkonce.r*)

.rel.data
 *(.rel.data)
 *(.rel.data.*)
 *(.rel.gnu.linkonce.d*)

.rela.data
 *(.rela.data)
 *(.rela.data.*)
 *(.rela.gnu.linkonce.d*)

.rel.ctors
 *(.rel.ctors)

.rela.ctors
 *(.rela.ctors)

.rel.dtors
 *(.rel.dtors)

.rela.dtors
 *(.rela.dtors)

.rel.got
 *(.rel.got)

.rela.got
 *(.rela.got)

.rel.bss
 *(.rel.bss)

.rela.bss
 *(.rela.bss)

.rel.plt
 *(.rel.plt)

.rela.plt
 *(.rela.plt)

.text           0x00000000      0xe3c
 *(.vectors)
 .vectors       0x00000000       0x54 C:/Program Files (x86)/Atmel/Studio/7.0/Packs/atmel/ATmega_DFP/1.7.374/gcc/dev/atmega32/avr5/crtatmega32.o
                0x00000000                __vector_default
                0x00000000                __vectors
 *(.vectors)
 *(.progmem.gcc*)
                0x00000054                . = ALIGN (0x2)
                0x00000054                __trampolines_start = .
 *(.trampolines)
 .trampolines   0x00000054        0x0 linker stubs
 *(.trampolines*)
                0x00000054                __trampolines_end = .
 *libprintf_flt.a:*(.progmem.data)
 *libc.a:*(.progmem.data)
 *(.progmem*)
                0x00000054                . = ALIGN (0x2)
 *(.jumptables)
 *(.jumptables*)
 *(.lowtext)
 *(.lowtext*)
                0x00000054                __ctors_start = .
 *(.ctors)
                0x00000054                __ctors_end = .
                0x00000054                __dtors_start = .
 *(.dtors)
                0x00000054                __dtors_end = .
 SORT(*)(.ctors)
 SORT(*)(.dtors)
 *(.init0)
 .init0         0x00000054        0x0 C:/Program Files (x86)/Atmel/Studio/7.0/Packs/atmel/ATmega_DFP/1.7.374/gcc/dev/atmega32/avr5/crtatmega32.o
                0x00000054                __init
 *(.init0)
 *(.init1)
 *(.init1)
 *(.init2)
 .init2         0x00000054        0xc C:/Program Files (x86)/Atmel/Studio/7.0/Packs/atmel/ATmega_DFP/1.7.374/gcc/dev/atmega32/avr5/crtatmega32.o
 *(.init2)
 *(.init3)
 *(.init3)
 *(.init4)
 .init4         0x00000060       0x10 c:/program files (x86)/atmel/studio/7.0/toolchain/avr8/avr8-gnu-toolchain/bin/../lib/gcc/avr/5.4.0/avr5\libgcc.a(_clear_bss.o)
                0x00000060                __do_clear_bss
 *(.init4)
 *(.init5)
 *(.init5)
 *(.init6)
 *(.init6)
 *(.init7)
 *(.init7)
 *(.init8)
 *(.init8)
 *(.init9)
 .init9         0x00000070        0x8 C:/Program Files (x86)/Atmel/Studio/7.0/Packs/atmel/ATmega_DFP/1.7.374/gcc/dev/atmega32/avr5/crtatmega32.o
 *(.init9)
 *(.text)
 .text          0x00000078        0x4 C:/Program Files (x86)/Atmel/Studio/7.0/Packs/atmel/ATmega_DFP/1.7.374/gcc/dev/atmega32/avr5/crtatmega32.o
                0x00000078                __vector_12
                0x00000078                __bad_interrupt
                0x00000078                __vector_6
                0x00000078                __vector_11
                0x00000078                __vector_13
                0x00000078                __vector_17
                0x00000078                __vector_19
                0x00000078                __vector_7
                0x00000078                __vector_5
                0x00000078                __vector_4
                0x00000078                __vector_9
                0x00000078                __vector_15
                0x00000078                __vector_8
                0x00000078                __vector_14
                0x00000078                __vector_10
                0x00000078                __vector_16
                0x00000078                __vector_18
                0x00000078                __vector_20
                0x0000007c                . = ALIGN (0x2)
 *(.text.*)
 .text.main     0x0000007c        0xa APP/main.o
                0x0000007c                main
 .text.Temp_vidInc
                0x00000086       0x42 APP/SYS_Manager/Electric_Heating_System_program.o
                0x00000086                Temp_vidInc
 .text.Temp_vidDec
                0x000000c8       0x42 APP/SYS_Manager/Electric_Heating_System_program.o
                0x000000c8                Temp_vidDec
 .text.SYS_vidInit
                0x0000010a       0xba APP/SYS_Manager/Electric_Heating_System_program.o
                0x0000010a                SYS_vidInit
 .text.SYS_vidSetTemp
                0x000001c4       0x38 APP/SYS_Manager/Electric_Heating_System_program.o
                0x000001c4                SYS_vidSetTemp
 .text.SYS_u32GetTempReading
                0x000001fc       0xa6 APP/SYS_Manager/Electric_Heating_System_program.o
                0x000001fc                SYS_u32GetTempReading
 .text.SYS_vidHeatingControl
                0x000002a2       0x22 APP/SYS_Manager/Electric_Heating_System_program.o
                0x000002a2                SYS_vidHeatingControl
 .text.SYS_vidCoolingControl
                0x000002c4       0x22 APP/SYS_Manager/Electric_Heating_System_program.o
                0x000002c4                SYS_vidCoolingControl
 .text.SYS_vidStart
                0x000002e6       0xfe APP/SYS_Manager/Electric_Heating_System_program.o
                0x000002e6                SYS_vidStart
 .text.SYS_vidSleep
                0x000003e4       0x92 APP/SYS_Manager/Electric_Heating_System_program.o
                0x000003e4                SYS_vidSleep
 .text.DCMotor_vidInit
                0x00000476        0x8 HAL/DC_Motor/DCMotor_program.o
                0x00000476                DCMotor_vidInit
 .text.DCMotor_vidOn
                0x0000047e        0x8 HAL/DC_Motor/DCMotor_program.o
                0x0000047e                DCMotor_vidOn
 .text.DCMotor_vidOff
                0x00000486        0x8 HAL/DC_Motor/DCMotor_program.o
                0x00000486                DCMotor_vidOff
 .text.LED_vidLEDInit
                0x0000048e        0x8 HAL/LED/LED_program.o
                0x0000048e                LED_vidLEDInit
 .text.LED_vidLEDOn
                0x00000496        0x8 HAL/LED/LED_program.o
                0x00000496                LED_vidLEDOn
 .text.LED_vidLEDOff
                0x0000049e        0x8 HAL/LED/LED_program.o
                0x0000049e                LED_vidLEDOff
 .text.LED_vidLEDToggle
                0x000004a6       0x2c HAL/LED/LED_program.o
                0x000004a6                LED_vidLEDToggle
 .text.LM35_vidInit
                0x000004d2        0x6 HAL/LM35/LM35_program.o
                0x000004d2                LM35_vidInit
 .text.LM35_u8Read
                0x000004d8       0x22 HAL/LM35/LM35_program.o
                0x000004d8                LM35_u8Read
 .text.SevenSeg_vidInit
                0x000004fa       0x28 HAL/SevenSeg/SevenSeg_program.o
                0x000004fa                SevenSeg_vidInit
 .text.SevenSeg_vidWrite
                0x00000522       0x58 HAL/SevenSeg/SevenSeg_program.o
                0x00000522                SevenSeg_vidWrite
 .text.SevenSeg_vidBlink
                0x0000057a       0x3e HAL/SevenSeg/SevenSeg_program.o
                0x0000057a                SevenSeg_vidBlink
 .text.SevenSeg_vidEnable
                0x000005b8       0x2c HAL/SevenSeg/SevenSeg_program.o
                0x000005b8                SevenSeg_vidEnable
 .text.ADC_vidInit
                0x000005e4       0x30 MCAL/ADC/ADC_program.o
                0x000005e4                ADC_vidInit
 .text.ADC_u16Read
                0x00000614       0x1e MCAL/ADC/ADC_program.o
                0x00000614                ADC_u16Read
 .text.DIO_vidSetPinMode
                0x00000632       0xda MCAL/DIO/DIO_program.o
                0x00000632                DIO_vidSetPinMode
 .text.DIO_vidWritePin
                0x0000070c       0xda MCAL/DIO/DIO_program.o
                0x0000070c                DIO_vidWritePin
 .text.DIO_enuReadPin
                0x000007e6       0xbc MCAL/DIO/DIO_program.o
                0x000007e6                DIO_enuReadPin
 .text.DIO_vidSetPortMode
                0x000008a2       0x48 MCAL/DIO/DIO_program.o
                0x000008a2                DIO_vidSetPortMode
 .text.DIO_vidWriteLowNibble
                0x000008ea       0x4a MCAL/DIO/DIO_program.o
                0x000008ea                DIO_vidWriteLowNibble
 .text.DIO_vidWriteHighNibble
                0x00000934       0x4a MCAL/DIO/DIO_program.o
                0x00000934                DIO_vidWriteHighNibble
 .text.EEPROM_voidWrite
                0x0000097e       0x16 MCAL/EEPROM/EEPROM_program.o
                0x0000097e                EEPROM_voidWrite
 .text.EEPROM_voidRead
                0x00000994        0xe MCAL/EEPROM/EEPROM_program.o
                0x00000994                EEPROM_voidRead
 .text.EXTI_vidInit
                0x000009a2       0xea MCAL/EXTI/EXTI_program.o
                0x000009a2                EXTI_vidInit
 .text.EXTI_vidSetCB
                0x00000a8c       0x2a MCAL/EXTI/EXTI_program.o
                0x00000a8c                EXTI_vidSetCB
 .text.__vector_1
                0x00000ab6       0x4e MCAL/EXTI/EXTI_program.o
                0x00000ab6                __vector_1
 .text.__vector_2
                0x00000b04       0x4e MCAL/EXTI/EXTI_program.o
                0x00000b04                __vector_2
 .text.__vector_3
                0x00000b52       0x4e MCAL/EXTI/EXTI_program.o
                0x00000b52                __vector_3
 .text.avr-libc.fplib
                0x00000ba0       0x5e c:/program files (x86)/atmel/studio/7.0/toolchain/avr8/avr8-gnu-toolchain/bin/../lib/gcc/avr/5.4.0/../../../../avr/lib/avr5\libm.a(fixunssfsi.o)
                0x00000ba0                __fixunssfsi
 .text.avr-libc.fplib
                0x00000bfe       0x7a c:/program files (x86)/atmel/studio/7.0/toolchain/avr8/avr8-gnu-toolchain/bin/../lib/gcc/avr/5.4.0/../../../../avr/lib/avr5\libm.a(floatsisf.o)
                0x00000bfe                __floatunsisf
                0x00000c02                __floatsisf
 .text.avr-libc.fplib
                0x00000c78       0x44 c:/program files (x86)/atmel/studio/7.0/toolchain/avr8/avr8-gnu-toolchain/bin/../lib/gcc/avr/5.4.0/../../../../avr/lib/avr5\libm.a(fp_split3.o)
                0x00000c78                __fp_split3
                0x00000c88                __fp_splitA
 .text.avr-libc.fplib
                0x00000cbc        0xe c:/program files (x86)/atmel/studio/7.0/toolchain/avr8/avr8-gnu-toolchain/bin/../lib/gcc/avr/5.4.0/../../../../avr/lib/avr5\libm.a(fp_zero.o)
                0x00000cbc                __fp_zero
                0x00000cbe                __fp_szero
 .text.avr-libc.fplib
                0x00000cca        0x8 c:/program files (x86)/atmel/studio/7.0/toolchain/avr8/avr8-gnu-toolchain/bin/../lib/gcc/avr/5.4.0/../../../../avr/lib/avr5\libm.a(mulsf3.o)
                0x00000cca                __mulsf3
 .text.avr-libc.fplib
                0x00000cd2       0xd2 c:/program files (x86)/atmel/studio/7.0/toolchain/avr8/avr8-gnu-toolchain/bin/../lib/gcc/avr/5.4.0/../../../../avr/lib/avr5\libm.a(mulsf3x.o)
                0x00000cf0                __mulsf3x
                0x00000cf6                __mulsf3_pse
 .text.avr-libc.fplib
                0x00000da4        0xc c:/program files (x86)/atmel/studio/7.0/toolchain/avr8/avr8-gnu-toolchain/bin/../lib/gcc/avr/5.4.0/../../../../avr/lib/avr5\libm.a(fp_inf.o)
                0x00000da4                __fp_inf
 .text.avr-libc.fplib
                0x00000db0        0x6 c:/program files (x86)/atmel/studio/7.0/toolchain/avr8/avr8-gnu-toolchain/bin/../lib/gcc/avr/5.4.0/../../../../avr/lib/avr5\libm.a(fp_nan.o)
                0x00000db0                __fp_nan
 .text.avr-libc.fplib
                0x00000db6        0xe c:/program files (x86)/atmel/studio/7.0/toolchain/avr8/avr8-gnu-toolchain/bin/../lib/gcc/avr/5.4.0/../../../../avr/lib/avr5\libm.a(fp_pscA.o)
                0x00000db6                __fp_pscA
 .text.avr-libc.fplib
                0x00000dc4        0xe c:/program files (x86)/atmel/studio/7.0/toolchain/avr8/avr8-gnu-toolchain/bin/../lib/gcc/avr/5.4.0/../../../../avr/lib/avr5\libm.a(fp_pscB.o)
                0x00000dc4                __fp_pscB
 .text.avr-libc.fplib
                0x00000dd2       0x22 c:/program files (x86)/atmel/studio/7.0/toolchain/avr8/avr8-gnu-toolchain/bin/../lib/gcc/avr/5.4.0/../../../../avr/lib/avr5\libm.a(fp_round.o)
                0x00000dd2                __fp_round
 .text.libgcc.div
                0x00000df4       0x44 c:/program files (x86)/atmel/studio/7.0/toolchain/avr8/avr8-gnu-toolchain/bin/../lib/gcc/avr/5.4.0/avr5\libgcc.a(_udivmodsi4.o)
                0x00000df4                __udivmodsi4
                0x00000e38                . = ALIGN (0x2)
 *(.fini9)
 .fini9         0x00000e38        0x0 c:/program files (x86)/atmel/studio/7.0/toolchain/avr8/avr8-gnu-toolchain/bin/../lib/gcc/avr/5.4.0/avr5\libgcc.a(_exit.o)
                0x00000e38                _exit
                0x00000e38                exit
 *(.fini9)
 *(.fini8)
 *(.fini8)
 *(.fini7)
 *(.fini7)
 *(.fini6)
 *(.fini6)
 *(.fini5)
 *(.fini5)
 *(.fini4)
 *(.fini4)
 *(.fini3)
 *(.fini3)
 *(.fini2)
 *(.fini2)
 *(.fini1)
 *(.fini1)
 *(.fini0)
 .fini0         0x00000e38        0x4 c:/program files (x86)/atmel/studio/7.0/toolchain/avr8/avr8-gnu-toolchain/bin/../lib/gcc/avr/5.4.0/avr5\libgcc.a(_exit.o)
 *(.fini0)
                0x00000e3c                _etext = .

.data           0x00800060        0x0 load address 0x00000e3c
                [!provide]                PROVIDE (__data_start, .)
 *(.data)
 *(.data*)
 *(.gnu.linkonce.d*)
 *(.rodata)
 *(.rodata*)
 *(.gnu.linkonce.r*)
                0x00800060                . = ALIGN (0x2)
                0x00800060                _edata = .
                [!provide]                PROVIDE (__data_end, .)

.bss            0x00800060       0x17
                0x00800060                PROVIDE (__bss_start, .)
 *(.bss)
 *(.bss*)
 *(COMMON)
 COMMON         0x00800060       0x11 APP/main.o
                0x00800060                SetTemp_flag
                0x00800061                Clk1
                0x00800062                Temp_History
                0x0080006c                Count
                0x0080006d                Current_temp
                0x0080006e                Max_temp
                0x0080006f                SYS_state
                0x00800070                Min_temp
 COMMON         0x00800071        0x6 MCAL/EXTI/EXTI_program.o
                0x00800071                Global_CBINT2
                0x00800073                Global_CBINT0
                0x00800075                Global_CBINT1
                0x00800077                PROVIDE (__bss_end, .)
                0x00000e3c                __data_load_start = LOADADDR (.data)
                0x00000e3c                __data_load_end = (__data_load_start + SIZEOF (.data))

.noinit         0x00800077        0x0
                [!provide]                PROVIDE (__noinit_start, .)
 *(.noinit*)
                [!provide]                PROVIDE (__noinit_end, .)
                0x00800077                _end = .
                [!provide]                PROVIDE (__heap_start, .)

.eeprom         0x00810000        0x0
 *(.eeprom*)
                0x00810000                __eeprom_end = .

.fuse
 *(.fuse)
 *(.lfuse)
 *(.hfuse)
 *(.efuse)

.lock
 *(.lock*)

.signature
 *(.signature*)

.user_signatures
 *(.user_signatures*)

.stab
 *(.stab)

.stabstr
 *(.stabstr)

.stab.excl
 *(.stab.excl)

.stab.exclstr
 *(.stab.exclstr)

.stab.index
 *(.stab.index)

.stab.indexstr
 *(.stab.indexstr)

.comment        0x00000000       0x30
 *(.comment)
 .comment       0x00000000       0x30 APP/main.o
                                 0x31 (size before relaxing)
 .comment       0x00000030       0x31 APP/SYS_Manager/Electric_Heating_System_program.o
 .comment       0x00000030       0x31 HAL/DC_Motor/DCMotor_program.o
 .comment       0x00000030       0x31 HAL/LED/LED_program.o
 .comment       0x00000030       0x31 HAL/LM35/LM35_program.o
 .comment       0x00000030       0x31 HAL/SevenSeg/SevenSeg_program.o
 .comment       0x00000030       0x31 MCAL/ADC/ADC_program.o
 .comment       0x00000030       0x31 MCAL/DIO/DIO_program.o
 .comment       0x00000030       0x31 MCAL/EEPROM/EEPROM_program.o
 .comment       0x00000030       0x31 MCAL/EXTI/EXTI_program.o

.note.gnu.avr.deviceinfo
                0x00000000       0x3c
 .note.gnu.avr.deviceinfo
                0x00000000       0x3c C:/Program Files (x86)/Atmel/Studio/7.0/Packs/atmel/ATmega_DFP/1.7.374/gcc/dev/atmega32/avr5/crtatmega32.o

.note.gnu.build-id
 *(.note.gnu.build-id)

.debug
 *(.debug)

.line
 *(.line)

.debug_srcinfo
 *(.debug_srcinfo)

.debug_sfnames
 *(.debug_sfnames)

.debug_aranges  0x00000000      0x238
 *(.debug_aranges)
 .debug_aranges
                0x00000000       0x20 APP/main.o
 .debug_aranges
                0x00000020       0x60 APP/SYS_Manager/Electric_Heating_System_program.o
 .debug_aranges
                0x00000080       0x30 HAL/DC_Motor/DCMotor_program.o
 .debug_aranges
                0x000000b0       0x38 HAL/LED/LED_program.o
 .debug_aranges
                0x000000e8       0x28 HAL/LM35/LM35_program.o
 .debug_aranges
                0x00000110       0x38 HAL/SevenSeg/SevenSeg_program.o
 .debug_aranges
                0x00000148       0x28 MCAL/ADC/ADC_program.o
 .debug_aranges
                0x00000170       0x60 MCAL/DIO/DIO_program.o
 .debug_aranges
                0x000001d0       0x28 MCAL/EEPROM/EEPROM_program.o
 .debug_aranges
                0x000001f8       0x40 MCAL/EXTI/EXTI_program.o

.debug_pubnames
 *(.debug_pubnames)

.debug_info     0x00000000     0x263a
 *(.debug_info .gnu.linkonce.wi.*)
 .debug_info    0x00000000      0x4e6 C:/Program Files (x86)/Atmel/Studio/7.0/Packs/atmel/ATmega_DFP/1.7.374/gcc/dev/atmega32/avr5/crtatmega32.o
 .debug_info    0x000004e6      0x16d APP/main.o
 .debug_info    0x00000653      0xa9b APP/SYS_Manager/Electric_Heating_System_program.o
 .debug_info    0x000010ee      0x228 HAL/DC_Motor/DCMotor_program.o
 .debug_info    0x00001316      0x2dc HAL/LED/LED_program.o
 .debug_info    0x000015f2      0x147 HAL/LM35/LM35_program.o
 .debug_info    0x00001739      0x523 HAL/SevenSeg/SevenSeg_program.o
 .debug_info    0x00001c5c      0x17d MCAL/ADC/ADC_program.o
 .debug_info    0x00001dd9      0x519 MCAL/DIO/DIO_program.o
 .debug_info    0x000022f2       0xd8 MCAL/EEPROM/EEPROM_program.o
 .debug_info    0x000023ca      0x270 MCAL/EXTI/EXTI_program.o

.debug_abbrev   0x00000000      0xe3c
 *(.debug_abbrev)
 .debug_abbrev  0x00000000      0x4a3 C:/Program Files (x86)/Atmel/Studio/7.0/Packs/atmel/ATmega_DFP/1.7.374/gcc/dev/atmega32/avr5/crtatmega32.o
 .debug_abbrev  0x000004a3       0x98 APP/main.o
 .debug_abbrev  0x0000053b      0x1c4 APP/SYS_Manager/Electric_Heating_System_program.o
 .debug_abbrev  0x000006ff       0xa1 HAL/DC_Motor/DCMotor_program.o
 .debug_abbrev  0x000007a0       0xd7 HAL/LED/LED_program.o
 .debug_abbrev  0x00000877       0xdb HAL/LM35/LM35_program.o
 .debug_abbrev  0x00000952      0x157 HAL/SevenSeg/SevenSeg_program.o
 .debug_abbrev  0x00000aa9       0xd0 MCAL/ADC/ADC_program.o
 .debug_abbrev  0x00000b79      0x124 MCAL/DIO/DIO_program.o
 .debug_abbrev  0x00000c9d       0x80 MCAL/EEPROM/EEPROM_program.o
 .debug_abbrev  0x00000d1d      0x11f MCAL/EXTI/EXTI_program.o

.debug_line     0x00000000     0x1410
 *(.debug_line .debug_line.* .debug_line_end)
 .debug_line    0x00000000      0x116 C:/Program Files (x86)/Atmel/Studio/7.0/Packs/atmel/ATmega_DFP/1.7.374/gcc/dev/atmega32/avr5/crtatmega32.o
 .debug_line    0x00000116       0xac APP/main.o
 .debug_line    0x000001c2      0x64a APP/SYS_Manager/Electric_Heating_System_program.o
 .debug_line    0x0000080c       0xa8 HAL/DC_Motor/DCMotor_program.o
 .debug_line    0x000008b4       0xcd HAL/LED/LED_program.o
 .debug_line    0x00000981       0xb7 HAL/LM35/LM35_program.o
 .debug_line    0x00000a38      0x237 HAL/SevenSeg/SevenSeg_program.o
 .debug_line    0x00000c6f      0x103 MCAL/ADC/ADC_program.o
 .debug_line    0x00000d72      0x365 MCAL/DIO/DIO_program.o
 .debug_line    0x000010d7       0xc9 MCAL/EEPROM/EEPROM_program.o
 .debug_line    0x000011a0      0x270 MCAL/EXTI/EXTI_program.o

.debug_frame    0x00000000      0x4ac
 *(.debug_frame)
 .debug_frame   0x00000000       0x24 APP/main.o
 .debug_frame   0x00000024       0xd8 APP/SYS_Manager/Electric_Heating_System_program.o
 .debug_frame   0x000000fc       0x44 HAL/DC_Motor/DCMotor_program.o
 .debug_frame   0x00000140       0x60 HAL/LED/LED_program.o
 .debug_frame   0x000001a0       0x34 HAL/LM35/LM35_program.o
 .debug_frame   0x000001d4       0x78 HAL/SevenSeg/SevenSeg_program.o
 .debug_frame   0x0000024c       0x34 MCAL/ADC/ADC_program.o
 .debug_frame   0x00000280       0xb4 MCAL/DIO/DIO_program.o
 .debug_frame   0x00000334       0x34 MCAL/EEPROM/EEPROM_program.o
 .debug_frame   0x00000368      0x144 MCAL/EXTI/EXTI_program.o

.debug_str      0x00000000      0x988
 *(.debug_str)
 .debug_str     0x00000000      0x196 C:/Program Files (x86)/Atmel/Studio/7.0/Packs/atmel/ATmega_DFP/1.7.374/gcc/dev/atmega32/avr5/crtatmega32.o
 .debug_str     0x00000196      0x1d8 APP/main.o
                                0x20c (size before relaxing)
 .debug_str     0x0000036e      0x306 APP/SYS_Manager/Electric_Heating_System_program.o
                                0x505 (size before relaxing)
 .debug_str     0x00000674       0x75 HAL/DC_Motor/DCMotor_program.o
                                0x265 (size before relaxing)
 .debug_str     0x000006e9       0x3e HAL/LED/LED_program.o
                                0x290 (size before relaxing)
 .debug_str     0x00000727       0x61 HAL/LM35/LM35_program.o
                                0x25e (size before relaxing)
 .debug_str     0x00000788       0x9c HAL/SevenSeg/SevenSeg_program.o
                                0x36a (size before relaxing)
 .debug_str     0x00000824       0x32 MCAL/ADC/ADC_program.o
                                0x275 (size before relaxing)
 .debug_str     0x00000856       0x73 MCAL/DIO/DIO_program.o
                                0x2f7 (size before relaxing)
 .debug_str     0x000008c9       0x2b MCAL/EEPROM/EEPROM_program.o
                                0x1cf (size before relaxing)
 .debug_str     0x000008f4       0x94 MCAL/EXTI/EXTI_program.o
                                0x2c7 (size before relaxing)

.debug_loc      0x00000000     0x1248
 *(.debug_loc)
 .debug_loc     0x00000000      0x1ff APP/SYS_Manager/Electric_Heating_System_program.o
 .debug_loc     0x000001ff       0xc6 HAL/DC_Motor/DCMotor_program.o
 .debug_loc     0x000002c5      0x16b HAL/LED/LED_program.o
 .debug_loc     0x00000430       0x3f HAL/LM35/LM35_program.o
 .debug_loc     0x0000046f      0x45c HAL/SevenSeg/SevenSeg_program.o
 .debug_loc     0x000008cb       0x57 MCAL/ADC/ADC_program.o
 .debug_loc     0x00000922      0x5ac MCAL/DIO/DIO_program.o
 .debug_loc     0x00000ece       0x4c MCAL/EEPROM/EEPROM_program.o
 .debug_loc     0x00000f1a      0x32e MCAL/EXTI/EXTI_program.o

.debug_macinfo
 *(.debug_macinfo)

.debug_weaknames
 *(.debug_weaknames)

.debug_funcnames
 *(.debug_funcnames)

.debug_typenames
 *(.debug_typenames)

.debug_varnames
 *(.debug_varnames)

.debug_pubtypes
 *(.debug_pubtypes)

.debug_ranges   0x00000000      0x1b0
 *(.debug_ranges)
 .debug_ranges  0x00000000       0x10 APP/main.o
 .debug_ranges  0x00000010       0x68 APP/SYS_Manager/Electric_Heating_System_program.o
 .debug_ranges  0x00000078       0x20 HAL/DC_Motor/DCMotor_program.o
 .debug_ranges  0x00000098       0x28 HAL/LED/LED_program.o
 .debug_ranges  0x000000c0       0x18 HAL/LM35/LM35_program.o
 .debug_ranges  0x000000d8       0x28 HAL/SevenSeg/SevenSeg_program.o
 .debug_ranges  0x00000100       0x18 MCAL/ADC/ADC_program.o
 .debug_ranges  0x00000118       0x50 MCAL/DIO/DIO_program.o
 .debug_ranges  0x00000168       0x18 MCAL/EEPROM/EEPROM_program.o
 .debug_ranges  0x00000180       0x30 MCAL/EXTI/EXTI_program.o

.debug_macro
 *(.debug_macro)
OUTPUT(Electric_Heating_System.elf elf32-avr)
LOAD linker stubs
